<html>
<body>
<pre>
<h1>µVision Build Log</h1>
<h2>Tool Versions:</h2>
IDE-Version: µVision V5.39.0.0
Copyright (C) 2023 ARM Ltd and ARM Germany GmbH. All rights reserved.
License Information: nikhil ramesh, PESU, LIC=U3C6R-KH8WD-XKRT7-SIA96-NJ0C2-Q16LT
 
Tool Versions:
Toolchain:       MDK-ARM Cortex-M0/M0+ for ST  Version: 5.39.0.0
Toolchain Path:  C:\Keil_v5\ARM\ARMCLANG\Bin
C Compiler:      ArmClang.exe V6.21
Assembler:       Armasm.exe V6.21
Linker/Locator:  ArmLink.exe V6.21
Library Manager: ArmAr.exe V6.21
Hex Converter:   FromElf.exe V6.21
CPU DLL:         SARMCM3.DLL V5.39.0.0
Dialog DLL:      DARMCM1.DLL V1.19.6.0
Target DLL:      STLink\ST-LINKIII-KEIL_SWO.dll V3.2.0.0
Dialog DLL:      TARMCM1.DLL V1.14.6.0
 
<h2>Project:</h2>
C:\Users\nikhil ramesh\Documents\PES_Weather_stn\Final_source_code_mod\LoRa_STM32-master\STM32CubeExpansion_LRWAN\Projects\Multi\Applications\LoRa_final_mod\DRAGINO-LRWAN(AT)\MDK-ARM\STM32L072CZ-Nucleo\Lora.uvprojx
Project File Date:  09/13/2024

<h2>Output:</h2>
*** Using Compiler 'V6.21', folder: 'C:\Keil_v5\ARM\ARMCLANG\Bin'
Rebuild target 'sx1276mb1las'
compiling oil_float.c...
compiling pwr_out.c...
compiling iwdg.c...
compiling sht31.c...
compiling gpio_exti.c...
compiling flash_eraseprogram.c...
compiling lidar_lite_v3hp.c...
compiling sht20.c...
compiling tfsensor.c...
compiling bh1750.c...
compiling ds18b20.c...
compiling ult.c...
compiling weight.c...
compiling system_stm32l0xx.c...
compiling TSL2561_lux.c...
compiling sx1276mb1las.c...
compiling stm32l0xx_nucleo.c...
compiling sx1276.c...
compiling stm32l0xx_hal_rcc.c...
compiling stm32l0xx_hal.c...
compiling stm32l0xx_hal_rcc_ex.c...
compiling stm32l0xx_hal_cortex.c...
compiling stm32l0xx_hal_adc.c...
compiling stm32l0xx_hal_gpio.c...
compiling stm32l0xx_hal_uart.c...
compiling stm32l0xx_hal_pwr_ex.c...
compiling stm32l0xx_hal_pwr.c...
compiling stm32l0xx_hal_dma.c...
compiling stm32l0xx_hal_spi.c...
compiling stm32l0xx_hal_tim_ex.c...
compiling stm32l0xx_hal_adc_ex.c...
assembling startup_stm32l072xx.s...
compiling stm32l0xx_hal_uart_ex.c...
compiling stm32l0xx_hal_i2c_ex.c...
compiling stm32l0xx_hal_rtc.c...
compiling stm32l0xx_hal_iwdg.c...
compiling stm32l0xx_hal_rtc_ex.c...
compiling stm32l0xx_hal_flash.c...
compiling stm32l0xx_hal_flash_ex.c...
compiling debug.c...
compiling hw_gpio.c...
compiling hw_spi.c...
compiling hw_rtc.c...
compiling bsp.c...
compiling stm32l0xx_hal_tim.c...
compiling stm32l0xx_hal_msp.c...
compiling stm32l0xx_it.c...
compiling stm32l0xx_hw.c...
compiling vcom.c...
compiling tiny_sscanf.c...
compiling command.c...
compiling stm32l0xx_hal_i2c.c...
compiling tiny_vsnprintf.c...
compiling main.c...
compiling Region.c...
compiling lora.c...
compiling RegionAS923.c...
compiling at.c...
compiling RegionAU915.c...
compiling RegionCN470.c...
compiling RegionCommon.c...
compiling RegionIN865.c...
compiling RegionCN779.c...
compiling RegionEU433.c...
compiling RegionEU868.c...
compiling RegionKR920.c...
compiling LoRaMacCrypto.c...
compiling RegionRU864.c...
compiling delay.c...
compiling RegionKZ865.c...
compiling low_power_manager.c...
compiling utilities.c...
compiling lora-test.c...
compiling RegionUS915.c...
compiling RegionMA869.c...
compiling timeServer.c...
compiling trace.c...
compiling queue.c...
compiling cmac.c...
compiling aes.c...
compiling LoRaMac.c...
linking...
Program Size: Code=103016 RO-data=8244 RW-data=276 ZI-data=6628  
FromELF: creating hex file...
".\sx1276mb1las\NUCLEO_CUBE_LORA.axf" - 0 Error(s), 0 Warning(s).

<h2>Software Packages used:</h2>

Package Vendor: Keil
                http://www.keil.com/pack/Keil.STM32L0xx_DFP.2.2.0.pack
                Keil::STM32L0xx_DFP@2.2.0
                STMicroelectronics STM32L0 Series Device Support, Drivers and Examples

<h2>Collection of Component include folders:</h2>
  C:/Keil_v5/ARM_Packs/Arm/Packs/Keil/STM32L0xx_DFP/2.2.0/Drivers/CMSIS/Device/ST/STM32L0xx/Include

<h2>Collection of Component Files used:</h2>
Build Time Elapsed:  00:00:05
</pre>
</body>
</html>
